        Info Looking up installed tauri packages to check mismatched versions...
     Running beforeBuildCommand `npm run build`

> workbuddy@2.3.1 build
> vite build

[36mvite v6.4.3 [32mbuilding for production...[36m[39m
transforming...
[32m✓[39m 9 modules transformed.
rendering chunks...
computing gzip size...
[2m../dist/[22m[32mindex.html                 [39m[1m[2m 70.45 kB[22m[1m[22m[2m │ gzip:  47.40 kB[22m
[2m../dist/[22m[35massets/index-CSZlojyk.css  [39m[1m[2m 89.17 kB[22m[1m[22m[2m │ gzip:  15.49 kB[22m
[2m../dist/[22m[36massets/index-qBFw0a8L.js   [39m[1m[33m697.58 kB[39m[22m[2m │ gzip: 205.42 kB[22m
[33m
(!) Some chunks are larger than 500 kB after minification. Consider:
- Using dynamic import() to code-split the application
- Use build.rollupOptions.output.manualChunks to improve chunking: https://rollupjs.org/configuration-options/#output-manualchunks
- Adjust chunk size limit for this warning via build.chunkSizeWarningLimit.[39m
[32m✓ built in 1.18s[39m
   Compiling workbuddy v2.3.0 (C:\Users\14364\WorkBuddy\2026-08-11-00-09-45\workbench\src-tauri)
    Finished `release` profile [optimized] target(s) in 4m 54s
       Built application at: C:\Users\14364\WorkBuddy\2026-08-11-00-09-45\workbench\src-tauri\target-verify\release\workbuddy.exe
        Info Patching C:\Users\14364\WorkBuddy\2026-08-11-00-09-45\workbench\src-tauri\target-verify\release\workbuddy.exe with bundle type information: msi
        Info Target: x64
     Running candle for "C:\\Users\\14364\\WorkBuddy\\2026-08-11-00-09-45\\workbench\\src-tauri\\target-verify\\release\\wix\\x64\\main.wxs"
     Running light to produce C:\Users\14364\WorkBuddy\2026-08-11-00-09-45\workbench\src-tauri\target-verify\release\bundle\msi\派大星_2.3.1_x64_zh-CN.msi
        Info Patching C:\Users\14364\WorkBuddy\2026-08-11-00-09-45\workbench\src-tauri\target-verify\release\workbuddy.exe with bundle type information: nsis
        Info Target: x64
     Running makensis to produce C:\Users\14364\WorkBuddy\2026-08-11-00-09-45\workbench\src-tauri\target-verify\release\bundle\nsis\派大星_2.3.1_x64-setup.exe
    Finished 2 bundles at:
        C:\Users\14364\WorkBuddy\2026-08-11-00-09-45\workbench\src-tauri\target-verify\release\bundle\msi\派大星_2.3.1_x64_zh-CN.msi
        C:\Users\14364\WorkBuddy\2026-08-11-00-09-45\workbench\src-tauri\target-verify\release\bundle\nsis\派大星_2.3.1_x64-setup.exe

